


ARM Macro Assembler    Page 1 


    1 00000000                 AREA             myDATA, DATA, READWRITE
    2 00000000 00 00 00 
              00 00 00 NUM     DCB              0,0,0,0,0,0
    3 00000006 00      EVENSUM DCB              0
    4 00000007 00      ODDSUM  DCB              0
    5 00000008         
    6 00000008                 AREA             myCode, CODE, READONLY
    7 00000000                 EXPORT           OddEvenSum
    8 00000000         ENTRY
    9 00000000         
   10 00000000         OddEvenSum
   11 00000000 480B            LDR              R0, =NUM
   12 00000002 F04F 0100       MOV              R1, #0
   13 00000006 F04F 0200       MOV              R2, #0
   14 0000000A F04F 0306       MOV              R3, #6
   15 0000000E         
   16 0000000E         LOOP
   17 0000000E F810 4B01       LDRB             R4,[R0],#1
   18 00000012 0865            LSRS             R5,R4,#1
   19 00000014 D203            BCS              ODD
   20 00000016         
   21 00000016 4421            ADD              R1,R1,R4
   22 00000018 E002            B                DEC
   23 0000001A         
   24 0000001A 4421            ADD              R1,R1,R4
   25 0000001C E000            B                DEC
   26 0000001E         
   27 0000001E         ODD
   28 0000001E 4422            ADD              R2,R2,R4
   29 00000020         
   30 00000020         DEC
   31 00000020 1E5B            SUBS             R3,R3,#1
   32 00000022 D1F4            BNE              LOOP
   33 00000024         
   34 00000024 4803            LDR              R0,=EVENSUM
   35 00000026 7001            STRB             R1, [R0]
   36 00000028         
   37 00000028 4803            LDR              R0,=ODDSUM
   38 0000002A 7001            STRB             R1, [R0]
   39 0000002C         
   40 0000002C 4770            BX               LR
   41 0000002E                 END
              00 00 00000000 
              00000000 
              00000000 
Command Line: --debug --xref --cpu=Cortex-M3 --apcs=interwork --depend=.\oddeve
nsum.d -o.\oddevensum.o -IC:\Keil\ARM\RV31\INC -IC:\Keil\ARM\CMSIS\Include -IC:
\Keil\ARM\Inc\NXP\LPC17xx --predefine="__EVAL SETA 1" --list=.\oddevensum.lst O
ddEvenSum.s



ARM Macro Assembler    Page 1 Alphabetic symbol ordering
Relocatable symbols

EVENSUM 00000006

Symbol: EVENSUM
   Definitions
      At line 3 in file OddEvenSum.s
   Uses
      At line 34 in file OddEvenSum.s
Comment: EVENSUM used once
NUM 00000000

Symbol: NUM
   Definitions
      At line 2 in file OddEvenSum.s
   Uses
      At line 11 in file OddEvenSum.s
Comment: NUM used once
ODDSUM 00000007

Symbol: ODDSUM
   Definitions
      At line 4 in file OddEvenSum.s
   Uses
      At line 37 in file OddEvenSum.s
Comment: ODDSUM used once
myDATA 00000000

Symbol: myDATA
   Definitions
      At line 1 in file OddEvenSum.s
   Uses
      None
Comment: myDATA unused
4 symbols



ARM Macro Assembler    Page 1 Alphabetic symbol ordering
Relocatable symbols

DEC 00000020

Symbol: DEC
   Definitions
      At line 30 in file OddEvenSum.s
   Uses
      At line 22 in file OddEvenSum.s
      At line 25 in file OddEvenSum.s

ENTRY 00000000

Symbol: ENTRY
   Definitions
      At line 8 in file OddEvenSum.s
   Uses
      None
Comment: ENTRY unused
LOOP 0000000E

Symbol: LOOP
   Definitions
      At line 16 in file OddEvenSum.s
   Uses
      At line 32 in file OddEvenSum.s
Comment: LOOP used once
ODD 0000001E

Symbol: ODD
   Definitions
      At line 27 in file OddEvenSum.s
   Uses
      At line 19 in file OddEvenSum.s
Comment: ODD used once
OddEvenSum 00000000

Symbol: OddEvenSum
   Definitions
      At line 10 in file OddEvenSum.s
   Uses
      At line 7 in file OddEvenSum.s
Comment: OddEvenSum used once
myCode 00000000

Symbol: myCode
   Definitions
      At line 6 in file OddEvenSum.s
   Uses
      None
Comment: myCode unused
6 symbols
343 symbols in table
